

================================================================
== Vivado HLS Report for 'diff_sq_acc'
================================================================
* Date:           Mon Dec 21 17:38:12 2020

* Version:        2019.2 (Build 2704478 on Wed Nov 06 22:10:23 MST 2019)
* Project:        diff_sq_acc
* Solution:       Kintex_UltraScale
* Product family: kintexu
* Target device:  xcku035-fbva676-1-i


================================================================
== Performance Estimates
================================================================
+ Timing: 
    * Summary: 
    +--------+---------+----------+------------+
    |  Clock |  Target | Estimated| Uncertainty|
    +--------+---------+----------+------------+
    |ap_clk  | 4.00 ns | 3.187 ns |   0.50 ns  |
    +--------+---------+----------+------------+

+ Latency: 
    * Summary: 
    +---------+---------+----------+----------+-----+-----+---------+
    |  Latency (cycles) |  Latency (absolute) |  Interval | Pipeline|
    |   min   |   max   |    min   |    max   | min | max |   Type  |
    +---------+---------+----------+----------+-----+-----+---------+
    |       31|       31| 0.124 us | 0.124 us |   31|   31|   none  |
    +---------+---------+----------+----------+-----+-----+---------+

    + Detail: 
        * Instance: 
        N/A

        * Loop: 
        +----------+---------+---------+----------+-----------+-----------+------+----------+
        |          |  Latency (cycles) | Iteration|  Initiation Interval  | Trip |          |
        | Loop Name|   min   |   max   |  Latency |  achieved |   target  | Count| Pipelined|
        +----------+---------+---------+----------+-----------+-----------+------+----------+
        |- Loop 1  |       30|       30|         3|          -|          -|    10|    no    |
        +----------+---------+---------+----------+-----------+-----------+------+----------+



================================================================
== Utilization Estimates
================================================================
* Summary: 
+-----------------+---------+-------+--------+--------+-----+
|       Name      | BRAM_18K| DSP48E|   FF   |   LUT  | URAM|
+-----------------+---------+-------+--------+--------+-----+
|DSP              |        -|      1|       -|       -|    -|
|Expression       |        -|      -|       0|      21|    -|
|FIFO             |        -|      -|       -|       -|    -|
|Instance         |        -|      -|       -|       -|    -|
|Memory           |        -|      -|       -|       -|    -|
|Multiplexer      |        -|      -|       -|      45|    -|
|Register         |        -|      -|      44|       -|    -|
+-----------------+---------+-------+--------+--------+-----+
|Total            |        0|      1|      44|      66|    0|
+-----------------+---------+-------+--------+--------+-----+
|Available        |     1080|   1700|  406256|  203128|    0|
+-----------------+---------+-------+--------+--------+-----+
|Utilization (%)  |        0|   ~0  |   ~0   |   ~0   |    0|
+-----------------+---------+-------+--------+--------+-----+

+ Detail: 
    * Instance: 
    N/A

    * DSP48E: 
    +-------------------------+----------------------+----------------------------+
    |         Instance        |        Module        |         Expression         |
    +-------------------------+----------------------+----------------------------+
    |diff_sq_acc_ama_sbkb_U1  |diff_sq_acc_ama_sbkb  | (i0 - i1) * (i0 - i1) + i2 |
    +-------------------------+----------------------+----------------------------+

    * Memory: 
    N/A

    * FIFO: 
    N/A

    * Expression: 
    +--------------------+----------+-------+---+----+------------+------------+
    |    Variable Name   | Operation| DSP48E| FF| LUT| Bitwidth P0| Bitwidth P1|
    +--------------------+----------+-------+---+----+------------+------------+
    |i_fu_90_p2          |     +    |      0|  0|  12|           4|           1|
    |icmp_ln38_fu_84_p2  |   icmp   |      0|  0|   9|           4|           4|
    +--------------------+----------+-------+---+----+------------+------------+
    |Total               |          |      0|  0|  21|           8|           5|
    +--------------------+----------+-------+---+----+------------+------------+

    * Multiplexer: 
    +-------------------+----+-----------+-----+-----------+
    |        Name       | LUT| Input Size| Bits| Total Bits|
    +-------------------+----+-----------+-----+-----------+
    |ap_NS_fsm          |  27|          5|    1|          5|
    |i_0_reg_61         |   9|          2|    4|          8|
    |val_assign_reg_72  |   9|          2|   32|         64|
    +-------------------+----+-----------+-----+-----------+
    |Total              |  45|          9|   37|         77|
    +-------------------+----+-----------+-----+-----------+

    * Register: 
    +-------------------+----+----+-----+-----------+
    |        Name       | FF | LUT| Bits| Const Bits|
    +-------------------+----+----+-----+-----------+
    |ap_CS_fsm          |   4|   0|    4|          0|
    |i_0_reg_61         |   4|   0|    4|          0|
    |i_reg_126          |   4|   0|    4|          0|
    |val_assign_reg_72  |  32|   0|   32|          0|
    +-------------------+----+----+-----+-----------+
    |Total              |  44|   0|   44|          0|
    +-------------------+----+----+-----+-----------+



================================================================
== Interface
================================================================
* Summary: 
+---------------+-----+-----+------------+--------------+--------------+
|   RTL Ports   | Dir | Bits|  Protocol  | Source Object|    C Type    |
+---------------+-----+-----+------------+--------------+--------------+
|ap_clk         |  in |    1| ap_ctrl_hs |  diff_sq_acc | return value |
|ap_rst         |  in |    1| ap_ctrl_hs |  diff_sq_acc | return value |
|ap_start       |  in |    1| ap_ctrl_hs |  diff_sq_acc | return value |
|ap_done        | out |    1| ap_ctrl_hs |  diff_sq_acc | return value |
|ap_idle        | out |    1| ap_ctrl_hs |  diff_sq_acc | return value |
|ap_ready       | out |    1| ap_ctrl_hs |  diff_sq_acc | return value |
|a_V_address0   | out |    4|  ap_memory |      a_V     |     array    |
|a_V_ce0        | out |    1|  ap_memory |      a_V     |     array    |
|a_V_q0         |  in |   16|  ap_memory |      a_V     |     array    |
|b_V_address0   | out |    4|  ap_memory |      b_V     |     array    |
|b_V_ce0        | out |    1|  ap_memory |      b_V     |     array    |
|b_V_q0         |  in |   16|  ap_memory |      b_V     |     array    |
|dout_V         | out |   48|   ap_vld   |    dout_V    |    pointer   |
|dout_V_ap_vld  | out |    1|   ap_vld   |    dout_V    |    pointer   |
+---------------+-----+-----+------------+--------------+--------------+

