

================================================================
== Vivado HLS Report for 'matrixmul'
================================================================
* Date:           Wed Dec 23 19:15:29 2020

* Version:        2019.2 (Build 2704478 on Wed Nov 06 22:10:23 MST 2019)
* Project:        matrixmultiplication.proj
* Solution:       solution
* Product family: zynq
* Target device:  xc7z020-clg400-1


================================================================
== Performance Estimates
================================================================
+ Timing: 
    * Summary: 
    +--------+---------+----------+------------+
    |  Clock |  Target | Estimated| Uncertainty|
    +--------+---------+----------+------------+
    |ap_clk  | 5.00 ns | 4.371 ns |   0.63 ns  |
    +--------+---------+----------+------------+

+ Latency: 
    * Summary: 
    +---------+---------+----------+----------+-------+-------+---------+
    |  Latency (cycles) |  Latency (absolute) |    Interval   | Pipeline|
    |   min   |   max   |    min   |    max   |  min  |  max  |   Type  |
    +---------+---------+----------+----------+-------+-------+---------+
    |    32792|    32792| 0.164 ms | 0.164 ms |  32792|  32792|   none  |
    +---------+---------+----------+----------+-------+-------+---------+

    + Detail: 
        * Instance: 
        N/A

        * Loop: 
        +-----------+---------+---------+----------+-----------+-----------+------+----------+
        |           |  Latency (cycles) | Iteration|  Initiation Interval  | Trip |          |
        | Loop Name |   min   |   max   |  Latency |  achieved |   target  | Count| Pipelined|
        +-----------+---------+---------+----------+-----------+-----------+------+----------+
        |- row_col  |    32790|    32790|        55|         32|          1|  1024|    yes   |
        +-----------+---------+---------+----------+-----------+-----------+------+----------+



================================================================
== Utilization Estimates
================================================================
* Summary: 
+-----------------+---------+-------+--------+-------+-----+
|       Name      | BRAM_18K| DSP48E|   FF   |  LUT  | URAM|
+-----------------+---------+-------+--------+-------+-----+
|DSP              |        -|      -|       -|      -|    -|
|Expression       |        -|      -|       0|   1644|    -|
|FIFO             |        -|      -|       -|      -|    -|
|Instance         |        6|     63|    4791|    271|    -|
|Memory           |        -|      -|       -|      -|    -|
|Multiplexer      |        -|      -|       -|    518|    -|
|Register         |        -|      -|    2256|      -|    -|
+-----------------+---------+-------+--------+-------+-----+
|Total            |        6|     63|    7047|   2433|    0|
+-----------------+---------+-------+--------+-------+-----+
|Available        |      280|    220|  106400|  53200|    0|
+-----------------+---------+-------+--------+-------+-----+
|Utilization (%)  |        2|     28|       6|      4|    0|
+-----------------+---------+-------+--------+-------+-----+

+ Detail: 
    * Instance: 
    +----------------------------+--------------------------+---------+-------+-----+-----+-----+
    |          Instance          |          Module          | BRAM_18K| DSP48E|  FF | LUT | URAM|
    +----------------------------+--------------------------+---------+-------+-----+-----+-----+
    |matrixmul_AXILiteS_s_axi_U  |matrixmul_AXILiteS_s_axi  |        6|      0|  276|  250|    0|
    |matrixmul_mul_32sbkb_U1     |matrixmul_mul_32sbkb      |        0|      3|  215|    1|    0|
    |matrixmul_mul_32sbkb_U2     |matrixmul_mul_32sbkb      |        0|      3|  215|    1|    0|
    |matrixmul_mul_32sbkb_U3     |matrixmul_mul_32sbkb      |        0|      3|  215|    1|    0|
    |matrixmul_mul_32sbkb_U4     |matrixmul_mul_32sbkb      |        0|      3|  215|    1|    0|
    |matrixmul_mul_32sbkb_U5     |matrixmul_mul_32sbkb      |        0|      3|  215|    1|    0|
    |matrixmul_mul_32sbkb_U6     |matrixmul_mul_32sbkb      |        0|      3|  215|    1|    0|
    |matrixmul_mul_32sbkb_U7     |matrixmul_mul_32sbkb      |        0|      3|  215|    1|    0|
    |matrixmul_mul_32sbkb_U8     |matrixmul_mul_32sbkb      |        0|      3|  215|    1|    0|
    |matrixmul_mul_32sbkb_U9     |matrixmul_mul_32sbkb      |        0|      3|  215|    1|    0|
    |matrixmul_mul_32sbkb_U10    |matrixmul_mul_32sbkb      |        0|      3|  215|    1|    0|
    |matrixmul_mul_32sbkb_U11    |matrixmul_mul_32sbkb      |        0|      3|  215|    1|    0|
    |matrixmul_mul_32sbkb_U12    |matrixmul_mul_32sbkb      |        0|      3|  215|    1|    0|
    |matrixmul_mul_32sbkb_U13    |matrixmul_mul_32sbkb      |        0|      3|  215|    1|    0|
    |matrixmul_mul_32sbkb_U14    |matrixmul_mul_32sbkb      |        0|      3|  215|    1|    0|
    |matrixmul_mul_32sbkb_U15    |matrixmul_mul_32sbkb      |        0|      3|  215|    1|    0|
    |matrixmul_mul_32sbkb_U16    |matrixmul_mul_32sbkb      |        0|      3|  215|    1|    0|
    |matrixmul_mul_32sbkb_U17    |matrixmul_mul_32sbkb      |        0|      3|  215|    1|    0|
    |matrixmul_mul_32sbkb_U18    |matrixmul_mul_32sbkb      |        0|      3|  215|    1|    0|
    |matrixmul_mul_32sbkb_U19    |matrixmul_mul_32sbkb      |        0|      3|  215|    1|    0|
    |matrixmul_mul_32sbkb_U20    |matrixmul_mul_32sbkb      |        0|      3|  215|    1|    0|
    |matrixmul_mul_32sbkb_U21    |matrixmul_mul_32sbkb      |        0|      3|  215|    1|    0|
    +----------------------------+--------------------------+---------+-------+-----+-----+-----+
    |Total                       |                          |        6|     63| 4791|  271|    0|
    +----------------------------+--------------------------+---------+-------+-----+-----+-----+

    * DSP48E: 
    N/A

    * Memory: 
    N/A

    * FIFO: 
    N/A

    * Expression: 
    +-------------------------+----------+-------+---+----+------------+------------+
    |      Variable Name      | Operation| DSP48E| FF| LUT| Bitwidth P0| Bitwidth P1|
    +-------------------------+----------+-------+---+----+------------+------------+
    |add_ln10_fu_912_p2       |     +    |      0|  0|  13|          11|           1|
    |add_ln16_10_fu_1646_p2   |     +    |      0|  0|  39|          32|          32|
    |add_ln16_12_fu_1750_p2   |     +    |      0|  0|  32|          32|          32|
    |add_ln16_13_fu_1783_p2   |     +    |      0|  0|  32|          32|          32|
    |add_ln16_14_fu_1787_p2   |     +    |      0|  0|  32|          32|          32|
    |add_ln16_15_fu_1494_p2   |     +    |      0|  0|  39|          32|          32|
    |add_ln16_16_fu_1831_p2   |     +    |      0|  0|  32|          32|          32|
    |add_ln16_17_fu_1837_p2   |     +    |      0|  0|  32|          32|          32|
    |add_ln16_18_fu_1847_p2   |     +    |      0|  0|  39|          32|          32|
    |add_ln16_19_fu_1853_p2   |     +    |      0|  0|  39|          32|          32|
    |add_ln16_1_fu_1576_p2    |     +    |      0|  0|  32|          32|          32|
    |add_ln16_20_fu_1859_p2   |     +    |      0|  0|  32|          32|          32|
    |add_ln16_21_fu_1863_p2   |     +    |      0|  0|  32|          32|          32|
    |add_ln16_22_fu_1546_p2   |     +    |      0|  0|  39|          32|          32|
    |add_ln16_24_fu_1872_p2   |     +    |      0|  0|  32|          32|          32|
    |add_ln16_25_fu_1889_p2   |     +    |      0|  0|  39|          32|          32|
    |add_ln16_26_fu_1881_p2   |     +    |      0|  0|  39|          32|          32|
    |add_ln16_27_fu_1893_p2   |     +    |      0|  0|  32|          32|          32|
    |add_ln16_28_fu_1897_p2   |     +    |      0|  0|  32|          32|          32|
    |add_ln16_29_fu_1902_p2   |     +    |      0|  0|  32|          32|          32|
    |add_ln16_2_fu_1581_p2    |     +    |      0|  0|  32|          32|          32|
    |add_ln16_30_fu_1906_p2   |     +    |      0|  0|  32|          32|          32|
    |add_ln16_31_fu_965_p2    |     +    |      0|  0|  15|           7|           6|
    |add_ln16_32_fu_1290_p2   |     +    |      0|  0|  15|           8|           7|
    |add_ln16_33_fu_1328_p2   |     +    |      0|  0|  15|           8|           8|
    |add_ln16_34_fu_1070_p2   |     +    |      0|  0|  15|           9|           8|
    |add_ln16_35_fu_1122_p2   |     +    |      0|  0|  15|           9|           9|
    |add_ln16_36_fu_1399_p2   |     +    |      0|  0|  15|           9|           9|
    |add_ln16_37_fu_1462_p2   |     +    |      0|  0|  14|          10|           9|
    |add_ln16_38_fu_1228_p2   |     +    |      0|  0|  14|          10|          10|
    |add_ln16_39_fu_1514_p2   |     +    |      0|  0|  14|          10|          10|
    |add_ln16_3_fu_1608_p2    |     +    |      0|  0|  39|          32|          32|
    |add_ln16_40_fu_1566_p2   |     +    |      0|  0|  14|          10|          10|
    |add_ln16_41_fu_1627_p2   |     +    |      0|  0|  14|          10|          10|
    |add_ln16_42_fu_1772_p2   |     +    |      0|  0|  13|          11|          10|
    |add_ln16_4_fu_1351_p2    |     +    |      0|  0|  39|          32|          32|
    |add_ln16_5_fu_1637_p2    |     +    |      0|  0|  32|          32|          32|
    |add_ln16_6_fu_1641_p2    |     +    |      0|  0|  32|          32|          32|
    |add_ln16_7_fu_1404_p2    |     +    |      0|  0|  39|          32|          32|
    |add_ln16_8_fu_1695_p2    |     +    |      0|  0|  32|          32|          32|
    |add_ln16_9_fu_1701_p2    |     +    |      0|  0|  32|          32|          32|
    |add_ln16_fu_1179_p2      |     +    |      0|  0|  39|          32|          32|
    |add_ln18_fu_1825_p2      |     +    |      0|  0|  12|          12|          12|
    |grp_fu_900_p2            |     +    |      0|  0|  32|          32|          32|
    |i_fu_918_p2              |     +    |      0|  0|  15|           6|           1|
    |j_fu_1792_p2             |     +    |      0|  0|  15|           6|           1|
    |icmp_ln10_fu_906_p2      |   icmp   |      0|  0|  13|          11|          12|
    |icmp_ln11_fu_924_p2      |   icmp   |      0|  0|  11|           6|           7|
    |or_ln16_10_fu_1408_p2    |    or    |      0|  0|  11|          11|           4|
    |or_ln16_11_fu_1211_p2    |    or    |      0|  0|  11|          11|           4|
    |or_ln16_12_fu_1245_p2    |    or    |      0|  0|  11|          11|           4|
    |or_ln16_13_fu_1426_p2    |    or    |      0|  0|  11|          11|           4|
    |or_ln16_14_fu_1448_p2    |    or    |      0|  0|  11|          11|           4|
    |or_ln16_15_fu_1273_p2    |    or    |      0|  0|  11|          11|           5|
    |or_ln16_16_fu_1310_p2    |    or    |      0|  0|  11|          11|           5|
    |or_ln16_17_fu_1472_p2    |    or    |      0|  0|  11|          11|           5|
    |or_ln16_18_fu_1500_p2    |    or    |      0|  0|  11|          11|           5|
    |or_ln16_19_fu_1524_p2    |    or    |      0|  0|  11|          11|           5|
    |or_ln16_1_fu_989_p2      |    or    |      0|  0|  11|          11|           2|
    |or_ln16_20_fu_1552_p2    |    or    |      0|  0|  11|          11|           5|
    |or_ln16_21_fu_1586_p2    |    or    |      0|  0|  11|          11|           5|
    |or_ln16_22_fu_1613_p2    |    or    |      0|  0|  11|          11|           5|
    |or_ln16_23_fu_1333_p2    |    or    |      0|  0|  11|          11|           5|
    |or_ln16_24_fu_1355_p2    |    or    |      0|  0|  11|          11|           5|
    |or_ln16_25_fu_1651_p2    |    or    |      0|  0|  11|          11|           5|
    |or_ln16_26_fu_1673_p2    |    or    |      0|  0|  11|          11|           5|
    |or_ln16_27_fu_1706_p2    |    or    |      0|  0|  11|          11|           5|
    |or_ln16_28_fu_1728_p2    |    or    |      0|  0|  11|          11|           5|
    |or_ln16_29_fu_1755_p2    |    or    |      0|  0|  11|          11|           5|
    |or_ln16_2_fu_1017_p2     |    or    |      0|  0|  11|          11|           2|
    |or_ln16_30_fu_1800_p2    |    or    |      0|  0|  11|          11|           5|
    |or_ln16_3_fu_1045_p2     |    or    |      0|  0|  11|          11|           3|
    |or_ln16_4_fu_1082_p2     |    or    |      0|  0|  11|          11|           3|
    |or_ln16_5_fu_1100_p2     |    or    |      0|  0|  11|          11|           3|
    |or_ln16_6_fu_1133_p2     |    or    |      0|  0|  11|          11|           3|
    |or_ln16_7_fu_1151_p2     |    or    |      0|  0|  11|          11|           4|
    |or_ln16_8_fu_1183_p2     |    or    |      0|  0|  11|          11|           4|
    |or_ln16_9_fu_1377_p2     |    or    |      0|  0|  11|          11|           4|
    |or_ln16_fu_971_p2        |    or    |      0|  0|  11|          11|           1|
    |select_ln16_1_fu_938_p3  |  select  |      0|  0|   6|           1|           6|
    |select_ln16_fu_930_p3    |  select  |      0|  0|   6|           1|           1|
    |ap_enable_pp0            |    xor   |      0|  0|   2|           1|           2|
    +-------------------------+----------+-------+---+----+------------+------------+
    |Total                    |          |      0|  0|1644|        1467|        1238|
    +-------------------------+----------+-------+---+----+------------+------------+

    * Multiplexer: 
    +-----------------------------------------+-----+-----------+-----+-----------+
    |                   Name                  | LUT | Input Size| Bits| Total Bits|
    +-----------------------------------------+-----+-----------+-----+-----------+
    |A_address0                               |  149|         33|   10|        330|
    |B_address0                               |  149|         33|   10|        330|
    |ap_NS_fsm                                |  157|         35|    1|         35|
    |ap_enable_reg_pp0_iter1                  |    9|          2|    1|          2|
    |ap_phi_mux_i_0_phi_fu_738_p4             |    9|          2|    6|         12|
    |ap_phi_mux_indvar_flatten_phi_fu_727_p4  |    9|          2|   11|         22|
    |ap_phi_mux_j_0_phi_fu_749_p4             |    9|          2|    6|         12|
    |i_0_reg_734                              |    9|          2|    6|         12|
    |indvar_flatten_reg_723                   |    9|          2|   11|         22|
    |j_0_reg_745                              |    9|          2|    6|         12|
    +-----------------------------------------+-----+-----------+-----+-----------+
    |Total                                    |  518|        115|   68|        789|
    +-----------------------------------------+-----+-----------+-----+-----------+

    * Register: 
    +----------------------------------+----+----+-----+-----------+
    |               Name               | FF | LUT| Bits| Const Bits|
    +----------------------------------+----+----+-----+-----------+
    |A_load_29_reg_2461                |  32|   0|   32|          0|
    |A_load_30_reg_2496                |  32|   0|   32|          0|
    |A_load_31_reg_2516                |  32|   0|   32|          0|
    |B_load_28_reg_2441                |  32|   0|   32|          0|
    |B_load_29_reg_2511                |  32|   0|   32|          0|
    |B_load_30_reg_2466                |  32|   0|   32|          0|
    |B_load_31_reg_2501                |  32|   0|   32|          0|
    |add_ln10_reg_1919                 |  11|   0|   11|          0|
    |add_ln16_10_reg_2391              |  32|   0|   32|          0|
    |add_ln16_12_reg_2446              |  32|   0|   32|          0|
    |add_ln16_14_reg_2471              |  32|   0|   32|          0|
    |add_ln16_15_reg_2316              |  32|   0|   32|          0|
    |add_ln16_17_reg_2506              |  32|   0|   32|          0|
    |add_ln16_18_reg_2521              |  32|   0|   32|          0|
    |add_ln16_19_reg_2526              |  32|   0|   32|          0|
    |add_ln16_21_reg_2531              |  32|   0|   32|          0|
    |add_ln16_22_reg_2341              |  32|   0|   32|          0|
    |add_ln16_24_reg_2541              |  32|   0|   32|          0|
    |add_ln16_25_reg_2566              |  32|   0|   32|          0|
    |add_ln16_26_reg_2556              |  32|   0|   32|          0|
    |add_ln16_28_reg_2571              |  32|   0|   32|          0|
    |add_ln16_2_reg_2356               |  32|   0|   32|          0|
    |add_ln16_30_reg_2576              |  32|   0|   32|          0|
    |add_ln16_31_reg_2003              |   7|   0|    7|          0|
    |add_ln16_32_reg_2178              |   8|   0|    8|          0|
    |add_ln16_33_reg_2203              |   8|   0|    8|          0|
    |add_ln16_34_reg_2054              |   9|   0|    9|          0|
    |add_ln16_35_reg_2079              |   9|   0|    9|          0|
    |add_ln16_36_reg_2260              |   9|   0|    9|          0|
    |add_ln16_3_reg_2371               |  32|   0|   32|          0|
    |add_ln16_4_reg_2230               |  32|   0|   32|          0|
    |add_ln16_6_reg_2386               |  32|   0|   32|          0|
    |add_ln16_7_reg_2271               |  32|   0|   32|          0|
    |add_ln16_9_reg_2416               |  32|   0|   32|          0|
    |add_ln16_reg_2120                 |  32|   0|   32|          0|
    |add_ln18_reg_2491                 |  12|   0|   12|          0|
    |ap_CS_fsm                         |  34|   0|   34|          0|
    |ap_enable_reg_pp0_iter0           |   1|   0|    1|          0|
    |ap_enable_reg_pp0_iter1           |   1|   0|    1|          0|
    |i_0_reg_734                       |   6|   0|    6|          0|
    |icmp_ln10_reg_1915                |   1|   0|    1|          0|
    |icmp_ln10_reg_1915_pp0_iter1_reg  |   1|   0|    1|          0|
    |indvar_flatten_reg_723            |  11|   0|   11|          0|
    |j_0_reg_745                       |   6|   0|    6|          0|
    |j_reg_2476                        |   6|   0|    6|          0|
    |mul_ln16_12_reg_2266              |  32|   0|   32|          0|
    |mul_ln16_1_reg_2100               |  32|   0|   32|          0|
    |mul_ln16_28_reg_2536              |  32|   0|   32|          0|
    |mul_ln16_29_reg_2561              |  32|   0|   32|          0|
    |mul_ln16_2_reg_2115               |  32|   0|   32|          0|
    |mul_ln16_30_reg_2546              |  32|   0|   32|          0|
    |mul_ln16_31_reg_2551              |  32|   0|   32|          0|
    |mul_ln16_4_reg_2153               |  32|   0|   32|          0|
    |mul_ln16_6_reg_2188               |  32|   0|   32|          0|
    |mul_ln16_7_reg_2210               |  32|   0|   32|          0|
    |mul_ln16_8_reg_2225               |  32|   0|   32|          0|
    |mul_ln16_9_reg_2245               |  32|   0|   32|          0|
    |mul_ln16_reg_2085                 |  32|   0|   32|          0|
    |reg_756                           |  32|   0|   32|          0|
    |reg_760                           |  32|   0|   32|          0|
    |reg_764                           |  32|   0|   32|          0|
    |reg_768                           |  32|   0|   32|          0|
    |reg_772                           |  32|   0|   32|          0|
    |reg_776                           |  32|   0|   32|          0|
    |reg_780                           |  32|   0|   32|          0|
    |reg_784                           |  32|   0|   32|          0|
    |reg_788                           |  32|   0|   32|          0|
    |reg_792                           |  32|   0|   32|          0|
    |reg_796                           |  32|   0|   32|          0|
    |reg_800                           |  32|   0|   32|          0|
    |reg_804                           |  32|   0|   32|          0|
    |reg_808                           |  32|   0|   32|          0|
    |reg_812                           |  32|   0|   32|          0|
    |reg_816                           |  32|   0|   32|          0|
    |reg_868                           |  32|   0|   32|          0|
    |reg_872                           |  32|   0|   32|          0|
    |reg_876                           |  32|   0|   32|          0|
    |reg_880                           |  32|   0|   32|          0|
    |reg_884                           |  32|   0|   32|          0|
    |reg_888                           |  32|   0|   32|          0|
    |reg_892                           |  32|   0|   32|          0|
    |reg_896                           |  32|   0|   32|          0|
    |select_ln16_1_reg_1951            |   6|   0|    6|          0|
    |select_ln16_reg_1924              |   6|   0|    6|          0|
    |tmp_reg_1957                      |   6|   0|   11|          5|
    |zext_ln16_5_reg_2140              |   6|   0|   10|          4|
    |zext_ln16_6_reg_2173              |   6|   0|    8|          2|
    |zext_ln16_7_reg_2043              |   6|   0|    9|          3|
    +----------------------------------+----+----+-----+-----------+
    |Total                             |2256|   0| 2270|         14|
    +----------------------------------+----+----+-----+-----------+



================================================================
== Interface
================================================================
* Summary: 
+------------------------+-----+-----+------------+--------------+--------------+
|        RTL Ports       | Dir | Bits|  Protocol  | Source Object|    C Type    |
+------------------------+-----+-----+------------+--------------+--------------+
|s_axi_AXILiteS_AWVALID  |  in |    1|    s_axi   |   AXILiteS   |     array    |
|s_axi_AXILiteS_AWREADY  | out |    1|    s_axi   |   AXILiteS   |     array    |
|s_axi_AXILiteS_AWADDR   |  in |   14|    s_axi   |   AXILiteS   |     array    |
|s_axi_AXILiteS_WVALID   |  in |    1|    s_axi   |   AXILiteS   |     array    |
|s_axi_AXILiteS_WREADY   | out |    1|    s_axi   |   AXILiteS   |     array    |
|s_axi_AXILiteS_WDATA    |  in |   32|    s_axi   |   AXILiteS   |     array    |
|s_axi_AXILiteS_WSTRB    |  in |    4|    s_axi   |   AXILiteS   |     array    |
|s_axi_AXILiteS_ARVALID  |  in |    1|    s_axi   |   AXILiteS   |     array    |
|s_axi_AXILiteS_ARREADY  | out |    1|    s_axi   |   AXILiteS   |     array    |
|s_axi_AXILiteS_ARADDR   |  in |   14|    s_axi   |   AXILiteS   |     array    |
|s_axi_AXILiteS_RVALID   | out |    1|    s_axi   |   AXILiteS   |     array    |
|s_axi_AXILiteS_RREADY   |  in |    1|    s_axi   |   AXILiteS   |     array    |
|s_axi_AXILiteS_RDATA    | out |   32|    s_axi   |   AXILiteS   |     array    |
|s_axi_AXILiteS_RRESP    | out |    2|    s_axi   |   AXILiteS   |     array    |
|s_axi_AXILiteS_BVALID   | out |    1|    s_axi   |   AXILiteS   |     array    |
|s_axi_AXILiteS_BREADY   |  in |    1|    s_axi   |   AXILiteS   |     array    |
|s_axi_AXILiteS_BRESP    | out |    2|    s_axi   |   AXILiteS   |     array    |
|ap_clk                  |  in |    1| ap_ctrl_hs |   matrixmul  | return value |
|ap_rst_n                |  in |    1| ap_ctrl_hs |   matrixmul  | return value |
|interrupt               | out |    1| ap_ctrl_hs |   matrixmul  | return value |
+------------------------+-----+-----+------------+--------------+--------------+

